#
# There is insufficient memory for the Java Runtime Environment to continue.
# Native memory allocation (malloc) failed to allocate 1048576 bytes. Error detail: AllocateHeap
# Possible reasons:
#   The system is out of physical RAM or swap space
#   This process is running with CompressedOops enabled, and the Java Heap may be blocking the growth of the native heap
# Possible solutions:
#   Reduce memory load on the system
#   Increase physical memory or swap space
#   Check if swap backing store is full
#   Decrease Java heap size (-Xmx/-Xms)
#   Decrease number of Java threads
#   Decrease Java thread stack sizes (-Xss)
#   Set larger code cache with -XX:ReservedCodeCacheSize=
#   JVM is running with Unscaled Compressed Oops mode in which the Java heap is
#     placed in the first 4GB address space. The Java Heap base address is the
#     maximum limit for the native heap growth. Please use -XX:HeapBaseMinAddress
#     to set the Java Heap base and to place the Java Heap above 4GB virtual address.
# This output file may be truncated or incomplete.
#
#  Out of Memory Error (allocation.cpp:44), pid=4616, tid=3968
#
# JRE version: OpenJDK Runtime Environment Temurin-21.0.9+10 (21.0.9+10) (build 21.0.9+10-LTS)
# Java VM: OpenJDK 64-Bit Server VM Temurin-21.0.9+10 (21.0.9+10-LTS, mixed mode, sharing, tiered, compressed oops, compressed class ptrs, parallel gc, windows-amd64)
# No core dump will be written. Minidumps are not enabled by default on client versions of Windows
#

---------------  S U M M A R Y ------------

Command Line: --add-modules=ALL-SYSTEM --add-opens=java.base/java.util=ALL-UNNAMED --add-opens=java.base/java.lang=ALL-UNNAMED --add-opens=java.base/sun.nio.fs=ALL-UNNAMED -Declipse.application=org.eclipse.jdt.ls.core.id1 -Dosgi.bundles.defaultStartLevel=4 -Declipse.product=org.eclipse.jdt.ls.core.product -Djava.import.generatesMetadataFilesAtProjectRoot=false -DDetectVMInstallationsJob.disabled=true -Dfile.encoding=utf8 -XX:+UseParallelGC -XX:GCTimeRatio=4 -XX:AdaptiveSizePolicyWeight=90 -Dsun.zip.disableMemoryMapping=true -Xmx2G -Xms100m -Xlog:disable -javaagent:c:\Users\Lenovo\.vscode\extensions\redhat.java-1.51.0-win32-x64\lombok\lombok-1.18.39-4050.jar -XX:+HeapDumpOnOutOfMemoryError -XX:HeapDumpPath=c:\Users\Lenovo\AppData\Roaming\Code\User\workspaceStorage\6c04b826748c209f1ee067198f3c029b\redhat.java -Daether.dependencyCollector.impl=bf c:\Users\Lenovo\.vscode\extensions\redhat.java-1.51.0-win32-x64\server\plugins\org.eclipse.equinox.launcher_1.7.100.v20251111-0406.jar -configuration c:\Users\Lenovo\AppData\Roaming\Code\User\globalStorage\redhat.java\1.51.0\config_win -data c:\Users\Lenovo\AppData\Roaming\Code\User\workspaceStorage\6c04b826748c209f1ee067198f3c029b\redhat.java\jdt_ws --pipe=\\.\pipe\lsp-d9ea13a5db209b2fd83287e1c5ee1213-sock

Host: Intel(R) Core(TM) i5-6300U CPU @ 2.40GHz, 4 cores, 7G,  Windows 10 , 64 bit Build 19041 (10.0.19041.5915)
Time: Mon Jan 19 10:57:01 2026 India Standard Time elapsed time: 752.358898 seconds (0d 0h 12m 32s)

---------------  T H R E A D  ---------------

Current thread (0x000002571626f290):  JavaThread "Attach Listener" daemon [_thread_in_vm, id=3968, stack(0x000000ea05c00000,0x000000ea05d00000) (1024K)]

Stack: [0x000000ea05c00000,0x000000ea05d00000]
Native frames: (J=compiled Java code, j=interpreted, Vv=VM code, C=native code)
V  [jvm.dll+0x6d6e29]
V  [jvm.dll+0x8b4b76]
V  [jvm.dll+0x8b712e]
V  [jvm.dll+0x8b7813]
V  [jvm.dll+0x283d86]
V  [jvm.dll+0xc1277]
V  [jvm.dll+0x6d76d9]
V  [jvm.dll+0x133466]
V  [jvm.dll+0x3f7ea6]
V  [jvm.dll+0x85e9ad]
V  [jvm.dll+0x6d565d]
C  [ucrtbase.dll+0x21bb2]
C  [KERNEL32.DLL+0x17374]
C  [ntdll.dll+0x4cc91]


---------------  P R O C E S S  ---------------

Threads class SMR info:
_java_thread_list=0x000002575e5eb070, length=30, elements={
0x000002577d5e35f0, 0x000002571626acb0, 0x000002571626c5b0, 0x000002571626e130,
0x000002571626f290, 0x0000025716270940, 0x00000257162743b0, 0x00000257162751e0,
0x00000257162a2e80, 0x000002575829aac0, 0x00000257582fe8e0, 0x0000025758464860,
0x0000025758627420, 0x00000257586b6fa0, 0x000002575860fb30, 0x000002575d11bef0,
0x000002575898d380, 0x0000025758ab7e50, 0x0000025758ab5d80, 0x0000025758ab56f0,
0x0000025758ab7130, 0x0000025758788530, 0x0000025758785740, 0x0000025758786af0,
0x000002575878cd60, 0x00000257587898e0, 0x0000025758787180, 0x000002575878b9b0,
0x0000025758788bc0, 0x000002575878a600
}

Java Threads: ( => current thread )
  0x000002577d5e35f0 JavaThread "main"                              [_thread_blocked, id=16568, stack(0x000000ea05500000,0x000000ea05600000) (1024K)]
  0x000002571626acb0 JavaThread "Reference Handler"          daemon [_thread_blocked, id=22244, stack(0x000000ea05900000,0x000000ea05a00000) (1024K)]
  0x000002571626c5b0 JavaThread "Finalizer"                  daemon [_thread_blocked, id=8656, stack(0x000000ea05a00000,0x000000ea05b00000) (1024K)]
  0x000002571626e130 JavaThread "Signal Dispatcher"          daemon [_thread_blocked, id=4056, stack(0x000000ea05b00000,0x000000ea05c00000) (1024K)]
=>0x000002571626f290 JavaThread "Attach Listener"            daemon [_thread_in_vm, id=3968, stack(0x000000ea05c00000,0x000000ea05d00000) (1024K)]
  0x0000025716270940 JavaThread "Service Thread"             daemon [_thread_blocked, id=18740, stack(0x000000ea05d00000,0x000000ea05e00000) (1024K)]
  0x00000257162743b0 JavaThread "Monitor Deflation Thread"   daemon [_thread_blocked, id=19032, stack(0x000000ea05e00000,0x000000ea05f00000) (1024K)]
  0x00000257162751e0 JavaThread "C2 CompilerThread0"         daemon [_thread_blocked, id=18380, stack(0x000000ea05f00000,0x000000ea06000000) (1024K)]
  0x00000257162a2e80 JavaThread "C1 CompilerThread0"         daemon [_thread_blocked, id=16692, stack(0x000000ea06000000,0x000000ea06100000) (1024K)]
  0x000002575829aac0 JavaThread "Common-Cleaner"             daemon [_thread_blocked, id=4280, stack(0x000000ea06100000,0x000000ea06200000) (1024K)]
  0x00000257582fe8e0 JavaThread "Notification Thread"        daemon [_thread_blocked, id=4556, stack(0x000000ea06200000,0x000000ea06300000) (1024K)]
  0x0000025758464860 JavaThread "Active Thread: Equinox Container: 5c9a67eb-c02a-4c86-a647-59019bcdb3d3"        [_thread_blocked, id=12624, stack(0x000000ea06600000,0x000000ea06700000) (1024K)]
  0x0000025758627420 JavaThread "Refresh Thread: Equinox Container: 5c9a67eb-c02a-4c86-a647-59019bcdb3d3" daemon [_thread_blocked, id=13808, stack(0x000000ea06700000,0x000000ea06800000) (1024K)]
  0x00000257586b6fa0 JavaThread "Framework Event Dispatcher: Equinox Container: 5c9a67eb-c02a-4c86-a647-59019bcdb3d3" daemon [_thread_blocked, id=20600, stack(0x000000ea06800000,0x000000ea06900000) (1024K)]
  0x000002575860fb30 JavaThread "Start Level: Equinox Container: 5c9a67eb-c02a-4c86-a647-59019bcdb3d3" daemon [_thread_blocked, id=12220, stack(0x000000ea06900000,0x000000ea06a00000) (1024K)]
  0x000002575d11bef0 JavaThread "Bundle File Closer"         daemon [_thread_blocked, id=15932, stack(0x000000ea05400000,0x000000ea05500000) (1024K)]
  0x000002575898d380 JavaThread "SCR Component Actor"        daemon [_thread_blocked, id=22128, stack(0x000000ea05300000,0x000000ea05400000) (1024K)]
  0x0000025758ab7e50 JavaThread "Worker-JM"                         [_thread_blocked, id=16652, stack(0x000000ea06a00000,0x000000ea06b00000) (1024K)]
  0x0000025758ab5d80 JavaThread "Java indexing"              daemon [_thread_blocked, id=9800, stack(0x000000ea07100000,0x000000ea07200000) (1024K)]
  0x0000025758ab56f0 JavaThread "JNA Cleaner"                daemon [_thread_blocked, id=12128, stack(0x000000ea07200000,0x000000ea07300000) (1024K)]
  0x0000025758ab7130 JavaThread "Worker-4"                          [_thread_blocked, id=7064, stack(0x000000ea07500000,0x000000ea07600000) (1024K)]
  0x0000025758788530 JavaThread "Thread-1"                   daemon [_thread_in_native, id=9284, stack(0x000000ea07600000,0x000000ea07700000) (1024K)]
  0x0000025758785740 JavaThread "Thread-2"                   daemon [_thread_in_native, id=18472, stack(0x000000ea07700000,0x000000ea07800000) (1024K)]
  0x0000025758786af0 JavaThread "Thread-3"                   daemon [_thread_in_native, id=3884, stack(0x000000ea07800000,0x000000ea07900000) (1024K)]
  0x000002575878cd60 JavaThread "Thread-4"                   daemon [_thread_in_native, id=15716, stack(0x000000ea07900000,0x000000ea07a00000) (1024K)]
  0x00000257587898e0 JavaThread "Thread-5"                   daemon [_thread_in_native, id=19108, stack(0x000000ea07a00000,0x000000ea07b00000) (1024K)]
  0x0000025758787180 JavaThread "pool-2-thread-1"                   [_thread_blocked, id=14648, stack(0x000000ea07b00000,0x000000ea07c00000) (1024K)]
  0x000002575878b9b0 JavaThread "WorkspaceEventsHandler"            [_thread_blocked, id=20648, stack(0x000000ea07d00000,0x000000ea07e00000) (1024K)]
  0x0000025758788bc0 JavaThread "pool-1-thread-1"                   [_thread_blocked, id=20752, stack(0x000000ea07e00000,0x000000ea07f00000) (1024K)]
  0x000002575878a600 JavaThread "Worker-6"                          [_thread_blocked, id=21300, stack(0x000000ea06d00000,0x000000ea06e00000) (1024K)]
Total: 30

Other Threads:
  0x000002571624f080 VMThread "VM Thread"                           [id=4328, stack(0x000000ea05800000,0x000000ea05900000) (1024K)]
  0x00000257161c1c40 WatcherThread "VM Periodic Task Thread"        [id=14464, stack(0x000000ea05700000,0x000000ea05800000) (1024K)]
  0x000002577f81ec10 WorkerThread "GC Thread#0"                     [id=7368, stack(0x000000ea05600000,0x000000ea05700000) (1024K)]
  0x0000025758595df0 WorkerThread "GC Thread#1"                     [id=5632, stack(0x000000ea06300000,0x000000ea06400000) (1024K)]
  0x0000025758596590 WorkerThread "GC Thread#2"                     [id=11176, stack(0x000000ea06400000,0x000000ea06500000) (1024K)]
  0x00000257585b9950 WorkerThread "GC Thread#3"                     [id=8048, stack(0x000000ea06500000,0x000000ea06600000) (1024K)]
Total: 6

Threads with active compile tasks:
Total: 0

VM state: not at safepoint (normal execution)

VM Mutex/Monitor currently owned by a thread: None

Heap address: 0x0000000080000000, size: 2048 MB, Compressed Oops mode: 32-bit

CDS archive(s) mapped at: [0x0000025717000000-0x0000025717ba0000-0x0000025717ba0000), size 12189696, SharedBaseAddress: 0x0000025717000000, ArchiveRelocationMode: 1.
Compressed class space mapped at: 0x0000025718000000-0x0000025758000000, reserved size: 1073741824
Narrow klass base: 0x0000025717000000, Narrow klass shift: 0, Narrow klass range: 0x100000000

GC Precious Log:
 CardTable entry size: 512
 CPUs: 4 total, 4 available
 Memory: 8045M
 Large Page Support: Disabled
 NUMA Support: Disabled
 Compressed Oops: Enabled (32-bit)
 Alignments: Space 512K, Generation 512K, Heap 2M
 Heap Min Capacity: 100M
 Heap Initial Capacity: 100M
 Heap Max Capacity: 2G
 Pre-touch: Disabled
 Parallel Workers: 4

Heap:
 PSYoungGen      total 2048K, used 333K [0x00000000d5580000, 0x00000000d5800000, 0x0000000100000000)
  eden space 1024K, 23% used [0x00000000d5580000,0x00000000d55bb498,0x00000000d5680000)
  from space 1024K, 9% used [0x00000000d5680000,0x00000000d5698000,0x00000000d5780000)
  to   space 512K, 0% used [0x00000000d5780000,0x00000000d5780000,0x00000000d5800000)
 ParOldGen       total 643584K, used 643398K [0x0000000080000000, 0x00000000a7480000, 0x00000000d5580000)
  object space 643584K, 99% used [0x0000000080000000,0x00000000a7451b90,0x00000000a7480000)
 Metaspace       used 75335K, committed 76864K, reserved 1179648K
  class space    used 7760K, committed 8448K, reserved 1048576K

Card table byte_map: [0x000002577f1b0000,0x000002577f5c0000] _byte_map_base: 0x000002577edb0000

Marking Bits: (ParMarkBitMap*) 0x00007ffb66182460
 Begin Bits: [0x0000025712140000, 0x0000025714140000)
 End Bits:   [0x0000025714140000, 0x0000025716140000)

Polling page: 0x000002577d6e0000

Metaspace:

Usage:
  Non-class:     65.99 MB used.
      Class:      7.58 MB used.
       Both:     73.57 MB used.

Virtual space:
  Non-class space:      128.00 MB reserved,      66.81 MB ( 52%) committed,  2 nodes.
      Class space:        1.00 GB reserved,       8.25 MB ( <1%) committed,  1 nodes.
             Both:        1.12 GB reserved,      75.06 MB (  7%) committed. 

Chunk freelists:
   Non-Class:  12.83 MB
       Class:  7.79 MB
        Both:  20.61 MB

MaxMetaspaceSize: unlimited
CompressedClassSpaceSize: 1.00 GB
Initial GC threshold: 21.00 MB
Current GC threshold: 124.62 MB
CDS: on
 - commit_granule_bytes: 65536.
 - commit_granule_words: 8192.
 - virtual_space_node_default_size: 8388608.
 - enlarge_chunks_in_place: 1.
 - use_allocation_guard: 0.


Internal statistics:

num_allocs_failed_limit: 13.
num_arena_births: 1388.
num_arena_deaths: 20.
num_vsnodes_births: 3.
num_vsnodes_deaths: 0.
num_space_committed: 1201.
num_space_uncommitted: 0.
num_chunks_returned_to_freelist: 36.
num_chunks_taken_from_freelist: 4869.
num_chunk_merges: 19.
num_chunk_splits: 2942.
num_chunks_enlarged: 1673.
num_inconsistent_stats: 0.

CodeHeap 'non-profiled nmethods': size=120000Kb used=15533Kb max_used=16574Kb free=104466Kb
 bounds [0x000002570ac10000, 0x000002570bc40000, 0x0000025712140000]
CodeHeap 'profiled nmethods': size=120000Kb used=37784Kb max_used=41604Kb free=82215Kb
 bounds [0x0000025703140000, 0x00000257059f0000, 0x000002570a670000]
CodeHeap 'non-nmethods': size=5760Kb used=1480Kb max_used=1623Kb free=4279Kb
 bounds [0x000002570a670000, 0x000002570a8e0000, 0x000002570ac10000]
CodeCache: size=245760Kb, used=54797Kb, max_used=59801Kb, free=190960Kb
 total_blobs=15961, nmethods=15168, adapters=695, full_count=0
Compilation: enabled, stopped_count=0, restarted_count=0

Compilation events (20 events):
Event: 535.116 Thread 0x00000257162a2e80 17433       3       org.eclipse.core.internal.resources.SyncInfoWriter::snapSyncInfo (157 bytes)
Event: 535.129 Thread 0x00000257162a2e80 nmethod 17433 0x0000025703e19390 code [0x0000025703e19880, 0x0000025703e1c348]
Event: 535.129 Thread 0x00000257162a2e80 17432       3       org.eclipse.core.internal.resources.MarkerAttributeMap::getMap (11 bytes)
Event: 535.130 Thread 0x00000257162a2e80 nmethod 17432 0x0000025703838710 code [0x00000257038388c0, 0x0000025703838b00]
Event: 535.141 Thread 0x00000257162a2e80 17434       3       org.eclipse.jdt.ls.core.internal.handlers.ProgressReporterManager$ProgressReporter::done (9 bytes)
Event: 535.141 Thread 0x00000257162a2e80 nmethod 17434 0x0000025703906e10 code [0x0000025703906fc0, 0x00000257039071b8]
Event: 535.142 Thread 0x00000257162a2e80 17435       3       org.eclipse.jdt.ls.core.internal.CancellableProgressMonitor::done (10 bytes)
Event: 535.142 Thread 0x00000257162a2e80 nmethod 17435 0x0000025703adc910 code [0x0000025703adcac0, 0x0000025703adcc28]
Event: 535.244 Thread 0x00000257162a2e80 17436       1       org.eclipse.core.internal.watson.ElementTree::getTreeData (5 bytes)
Event: 535.245 Thread 0x00000257162a2e80 nmethod 17436 0x000002570b043c90 code [0x000002570b043e20, 0x000002570b043ee8]
Event: 579.855 Thread 0x00000257162a2e80 17437       3       java.util.concurrent.ScheduledThreadPoolExecutor$ScheduledFutureTask::getDelay (16 bytes)
Event: 579.857 Thread 0x00000257162a2e80 nmethod 17437 0x0000025703af8810 code [0x0000025703af89c0, 0x0000025703af8b58]
Event: 629.900 Thread 0x00000257162751e0 17438       4       java.util.concurrent.ThreadPoolExecutor::workerCountOf (5 bytes)
Event: 629.902 Thread 0x00000257162751e0 nmethod 17438 0x000002570b31b690 code [0x000002570b31b800, 0x000002570b31b870]
Event: 669.936 Thread 0x00000257162a2e80 17439   !   3       java.util.concurrent.locks.AbstractQueuedSynchronizer$ConditionObject::newConditionNode (78 bytes)
Event: 669.937 Thread 0x00000257162a2e80 nmethod 17439 0x0000025703e12410 code [0x0000025703e12680, 0x0000025703e12e60]
Event: 669.938 Thread 0x00000257162a2e80 17440       3       java.util.concurrent.locks.AbstractQueuedSynchronizer$ConditionObject::enableWait (84 bytes)
Event: 669.939 Thread 0x00000257162a2e80 nmethod 17440 0x0000025703493790 code [0x00000257034939a0, 0x0000025703493fd8]
Event: 701.531 Thread 0x00000257162a2e80 17441   !   3       java.util.concurrent.locks.AbstractQueuedSynchronizer::reacquire (64 bytes)
Event: 701.532 Thread 0x00000257162a2e80 nmethod 17441 0x0000025703ca4810 code [0x0000025703ca49e0, 0x0000025703ca4d50]

GC Heap History (20 events):
Event: 377.565 GC heap before
{Heap before GC invocations=2152 (full 4):
 PSYoungGen      total 3072K, used 3072K [0x00000000d5580000, 0x00000000d5b00000, 0x0000000100000000)
  eden space 1536K, 100% used [0x00000000d5580000,0x00000000d5700000,0x00000000d5700000)
  from space 1536K, 100% used [0x00000000d5780000,0x00000000d5900000,0x00000000d5900000)
  to   space 2048K, 0% used [0x00000000d5900000,0x00000000d5900000,0x00000000d5b00000)
 ParOldGen       total 634880K, used 634648K [0x0000000080000000, 0x00000000a6c00000, 0x00000000d5580000)
  object space 634880K, 99% used [0x0000000080000000,0x00000000a6bc6320,0x00000000a6c00000)
 Metaspace       used 75238K, committed 76800K, reserved 1179648K
  class space    used 7748K, committed 8448K, reserved 1048576K
}
Event: 377.571 GC heap after
{Heap after GC invocations=2152 (full 4):
 PSYoungGen      total 3072K, used 1472K [0x00000000d5580000, 0x00000000d5a80000, 0x0000000100000000)
  eden space 1536K, 0% used [0x00000000d5580000,0x00000000d5580000,0x00000000d5700000)
  from space 1536K, 95% used [0x00000000d5900000,0x00000000d5a70000,0x00000000d5a80000)
  to   space 1536K, 0% used [0x00000000d5780000,0x00000000d5780000,0x00000000d5900000)
 ParOldGen       total 636416K, used 636117K [0x0000000080000000, 0x00000000a6d80000, 0x00000000d5580000)
  object space 636416K, 99% used [0x0000000080000000,0x00000000a6d35490,0x00000000a6d80000)
 Metaspace       used 75238K, committed 76800K, reserved 1179648K
  class space    used 7748K, committed 8448K, reserved 1048576K
}
Event: 377.590 GC heap before
{Heap before GC invocations=2153 (full 4):
 PSYoungGen      total 3072K, used 3008K [0x00000000d5580000, 0x00000000d5a80000, 0x0000000100000000)
  eden space 1536K, 100% used [0x00000000d5580000,0x00000000d5700000,0x00000000d5700000)
  from space 1536K, 95% used [0x00000000d5900000,0x00000000d5a70000,0x00000000d5a80000)
  to   space 1536K, 0% used [0x00000000d5780000,0x00000000d5780000,0x00000000d5900000)
 ParOldGen       total 636416K, used 636117K [0x0000000080000000, 0x00000000a6d80000, 0x00000000d5580000)
  object space 636416K, 99% used [0x0000000080000000,0x00000000a6d35490,0x00000000a6d80000)
 Metaspace       used 75253K, committed 76800K, reserved 1179648K
  class space    used 7748K, committed 8448K, reserved 1048576K
}
Event: 377.599 GC heap after
{Heap after GC invocations=2153 (full 4):
 PSYoungGen      total 3072K, used 1376K [0x00000000d5580000, 0x00000000d5a00000, 0x0000000100000000)
  eden space 1536K, 0% used [0x00000000d5580000,0x00000000d5580000,0x00000000d5700000)
  from space 1536K, 89% used [0x00000000d5780000,0x00000000d58d8000,0x00000000d5900000)
  to   space 1024K, 0% used [0x00000000d5900000,0x00000000d5900000,0x00000000d5a00000)
 ParOldGen       total 637952K, used 637549K [0x0000000080000000, 0x00000000a6f00000, 0x00000000d5580000)
  object space 637952K, 99% used [0x0000000080000000,0x00000000a6e9b570,0x00000000a6f00000)
 Metaspace       used 75253K, committed 76800K, reserved 1179648K
  class space    used 7748K, committed 8448K, reserved 1048576K
}
Event: 377.620 GC heap before
{Heap before GC invocations=2154 (full 4):
 PSYoungGen      total 3072K, used 2912K [0x00000000d5580000, 0x00000000d5a00000, 0x0000000100000000)
  eden space 1536K, 100% used [0x00000000d5580000,0x00000000d5700000,0x00000000d5700000)
  from space 1536K, 89% used [0x00000000d5780000,0x00000000d58d8000,0x00000000d5900000)
  to   space 1024K, 0% used [0x00000000d5900000,0x00000000d5900000,0x00000000d5a00000)
 ParOldGen       total 637952K, used 637549K [0x0000000080000000, 0x00000000a6f00000, 0x00000000d5580000)
  object space 637952K, 99% used [0x0000000080000000,0x00000000a6e9b570,0x00000000a6f00000)
 Metaspace       used 75253K, committed 76800K, reserved 1179648K
  class space    used 7748K, committed 8448K, reserved 1048576K
}
Event: 377.627 GC heap after
{Heap after GC invocations=2154 (full 4):
 PSYoungGen      total 1536K, used 1024K [0x00000000d5580000, 0x00000000d5d00000, 0x0000000100000000)
  eden space 512K, 0% used [0x00000000d5580000,0x00000000d5580000,0x00000000d5600000)
  from space 1024K, 100% used [0x00000000d5900000,0x00000000d5a00000,0x00000000d5a00000)
  to   space 3072K, 0% used [0x00000000d5600000,0x00000000d5600000,0x00000000d5900000)
 ParOldGen       total 639488K, used 639256K [0x0000000080000000, 0x00000000a7080000, 0x00000000d5580000)
  object space 639488K, 99% used [0x0000000080000000,0x00000000a70463c0,0x00000000a7080000)
 Metaspace       used 75253K, committed 76800K, reserved 1179648K
  class space    used 7748K, committed 8448K, reserved 1048576K
}
Event: 377.634 GC heap before
{Heap before GC invocations=2155 (full 4):
 PSYoungGen      total 1536K, used 1536K [0x00000000d5580000, 0x00000000d5d00000, 0x0000000100000000)
  eden space 512K, 100% used [0x00000000d5580000,0x00000000d5600000,0x00000000d5600000)
  from space 1024K, 100% used [0x00000000d5900000,0x00000000d5a00000,0x00000000d5a00000)
  to   space 3072K, 0% used [0x00000000d5600000,0x00000000d5600000,0x00000000d5900000)
 ParOldGen       total 639488K, used 639256K [0x0000000080000000, 0x00000000a7080000, 0x00000000d5580000)
  object space 639488K, 99% used [0x0000000080000000,0x00000000a70463c0,0x00000000a7080000)
 Metaspace       used 75254K, committed 76800K, reserved 1179648K
  class space    used 7748K, committed 8448K, reserved 1048576K
}
Event: 377.638 GC heap after
{Heap after GC invocations=2155 (full 4):
 PSYoungGen      total 1024K, used 128K [0x00000000d5580000, 0x00000000d5980000, 0x0000000100000000)
  eden space 512K, 0% used [0x00000000d5580000,0x00000000d5580000,0x00000000d5600000)
  from space 512K, 25% used [0x00000000d5600000,0x00000000d5620000,0x00000000d5680000)
  to   space 1536K, 0% used [0x00000000d5800000,0x00000000d5800000,0x00000000d5980000)
 ParOldGen       total 640512K, used 640307K [0x0000000080000000, 0x00000000a7180000, 0x00000000d5580000)
  object space 640512K, 99% used [0x0000000080000000,0x00000000a714cf58,0x00000000a7180000)
 Metaspace       used 75254K, committed 76800K, reserved 1179648K
  class space    used 7748K, committed 8448K, reserved 1048576K
}
Event: 377.673 GC heap before
{Heap before GC invocations=2156 (full 4):
 PSYoungGen      total 1024K, used 639K [0x00000000d5580000, 0x00000000d5980000, 0x0000000100000000)
  eden space 512K, 99% used [0x00000000d5580000,0x00000000d55fffe8,0x00000000d5600000)
  from space 512K, 25% used [0x00000000d5600000,0x00000000d5620000,0x00000000d5680000)
  to   space 1536K, 0% used [0x00000000d5800000,0x00000000d5800000,0x00000000d5980000)
 ParOldGen       total 640512K, used 640307K [0x0000000080000000, 0x00000000a7180000, 0x00000000d5580000)
  object space 640512K, 99% used [0x0000000080000000,0x00000000a714cf58,0x00000000a7180000)
 Metaspace       used 75255K, committed 76800K, reserved 1179648K
  class space    used 7748K, committed 8448K, reserved 1048576K
}
Event: 377.678 GC heap after
{Heap after GC invocations=2156 (full 4):
 PSYoungGen      total 1536K, used 448K [0x00000000d5580000, 0x00000000d5880000, 0x0000000100000000)
  eden space 1024K, 0% used [0x00000000d5580000,0x00000000d5580000,0x00000000d5680000)
  from space 512K, 87% used [0x00000000d5800000,0x00000000d5870000,0x00000000d5880000)
  to   space 1024K, 0% used [0x00000000d5680000,0x00000000d5680000,0x00000000d5780000)
 ParOldGen       total 640512K, used 640371K [0x0000000080000000, 0x00000000a7180000, 0x00000000d5580000)
  object space 640512K, 99% used [0x0000000080000000,0x00000000a715cf58,0x00000000a7180000)
 Metaspace       used 75255K, committed 76800K, reserved 1179648K
  class space    used 7748K, committed 8448K, reserved 1048576K
}
Event: 377.700 GC heap before
{Heap before GC invocations=2157 (full 4):
 PSYoungGen      total 1536K, used 1471K [0x00000000d5580000, 0x00000000d5880000, 0x0000000100000000)
  eden space 1024K, 99% used [0x00000000d5580000,0x00000000d567ffc0,0x00000000d5680000)
  from space 512K, 87% used [0x00000000d5800000,0x00000000d5870000,0x00000000d5880000)
  to   space 1024K, 0% used [0x00000000d5680000,0x00000000d5680000,0x00000000d5780000)
 ParOldGen       total 640512K, used 640371K [0x0000000080000000, 0x00000000a7180000, 0x00000000d5580000)
  object space 640512K, 99% used [0x0000000080000000,0x00000000a715cf58,0x00000000a7180000)
 Metaspace       used 75255K, committed 76800K, reserved 1179648K
  class space    used 7748K, committed 8448K, reserved 1048576K
}
Event: 377.707 GC heap after
{Heap after GC invocations=2157 (full 4):
 PSYoungGen      total 2048K, used 640K [0x00000000d5580000, 0x00000000d5900000, 0x0000000100000000)
  eden space 1024K, 0% used [0x00000000d5580000,0x00000000d5580000,0x00000000d5680000)
  from space 1024K, 62% used [0x00000000d5680000,0x00000000d5720000,0x00000000d5780000)
  to   space 1024K, 0% used [0x00000000d5800000,0x00000000d5800000,0x00000000d5900000)
 ParOldGen       total 641024K, used 640733K [0x0000000080000000, 0x00000000a7200000, 0x00000000d5580000)
  object space 641024K, 99% used [0x0000000080000000,0x00000000a71b7590,0x00000000a7200000)
 Metaspace       used 75255K, committed 76800K, reserved 1179648K
  class space    used 7748K, committed 8448K, reserved 1048576K
}
Event: 377.822 GC heap before
{Heap before GC invocations=2158 (full 4):
 PSYoungGen      total 2048K, used 1664K [0x00000000d5580000, 0x00000000d5900000, 0x0000000100000000)
  eden space 1024K, 100% used [0x00000000d5580000,0x00000000d5680000,0x00000000d5680000)
  from space 1024K, 62% used [0x00000000d5680000,0x00000000d5720000,0x00000000d5780000)
  to   space 1024K, 0% used [0x00000000d5800000,0x00000000d5800000,0x00000000d5900000)
 ParOldGen       total 641024K, used 640733K [0x0000000080000000, 0x00000000a7200000, 0x00000000d5580000)
  object space 641024K, 99% used [0x0000000080000000,0x00000000a71b7590,0x00000000a7200000)
 Metaspace       used 75286K, committed 76864K, reserved 1179648K
  class space    used 7753K, committed 8448K, reserved 1048576K
}
Event: 377.825 GC heap after
{Heap after GC invocations=2158 (full 4):
 PSYoungGen      total 1536K, used 493K [0x00000000d5580000, 0x00000000d5880000, 0x0000000100000000)
  eden space 1024K, 0% used [0x00000000d5580000,0x00000000d5580000,0x00000000d5680000)
  from space 512K, 96% used [0x00000000d5800000,0x00000000d587b520,0x00000000d5880000)
  to   space 1024K, 0% used [0x00000000d5680000,0x00000000d5680000,0x00000000d5780000)
 ParOldGen       total 641536K, used 641348K [0x0000000080000000, 0x00000000a7280000, 0x00000000d5580000)
  object space 641536K, 99% used [0x0000000080000000,0x00000000a7251080,0x00000000a7280000)
 Metaspace       used 75286K, committed 76864K, reserved 1179648K
  class space    used 7753K, committed 8448K, reserved 1048576K
}
Event: 377.840 GC heap before
{Heap before GC invocations=2159 (full 4):
 PSYoungGen      total 1536K, used 1517K [0x00000000d5580000, 0x00000000d5880000, 0x0000000100000000)
  eden space 1024K, 100% used [0x00000000d5580000,0x00000000d5680000,0x00000000d5680000)
  from space 512K, 96% used [0x00000000d5800000,0x00000000d587b520,0x00000000d5880000)
  to   space 1024K, 0% used [0x00000000d5680000,0x00000000d5680000,0x00000000d5780000)
 ParOldGen       total 641536K, used 641348K [0x0000000080000000, 0x00000000a7280000, 0x00000000d5580000)
  object space 641536K, 99% used [0x0000000080000000,0x00000000a7251080,0x00000000a7280000)
 Metaspace       used 75286K, committed 76864K, reserved 1179648K
  class space    used 7753K, committed 8448K, reserved 1048576K
}
Event: 377.846 GC heap after
{Heap after GC invocations=2159 (full 4):
 PSYoungGen      total 2048K, used 928K [0x00000000d5580000, 0x00000000d5880000, 0x0000000100000000)
  eden space 1024K, 0% used [0x00000000d5580000,0x00000000d5580000,0x00000000d5680000)
  from space 1024K, 90% used [0x00000000d5680000,0x00000000d5768000,0x00000000d5780000)
  to   space 1024K, 0% used [0x00000000d5780000,0x00000000d5780000,0x00000000d5880000)
 ParOldGen       total 642048K, used 641769K [0x0000000080000000, 0x00000000a7300000, 0x00000000d5580000)
  object space 642048K, 99% used [0x0000000080000000,0x00000000a72ba5a0,0x00000000a7300000)
 Metaspace       used 75286K, committed 76864K, reserved 1179648K
  class space    used 7753K, committed 8448K, reserved 1048576K
}
Event: 420.782 GC heap before
{Heap before GC invocations=2160 (full 4):
 PSYoungGen      total 2048K, used 1951K [0x00000000d5580000, 0x00000000d5880000, 0x0000000100000000)
  eden space 1024K, 99% used [0x00000000d5580000,0x00000000d567ffe8,0x00000000d5680000)
  from space 1024K, 90% used [0x00000000d5680000,0x00000000d5768000,0x00000000d5780000)
  to   space 1024K, 0% used [0x00000000d5780000,0x00000000d5780000,0x00000000d5880000)
 ParOldGen       total 642048K, used 641769K [0x0000000080000000, 0x00000000a7300000, 0x00000000d5580000)
  object space 642048K, 99% used [0x0000000080000000,0x00000000a72ba5a0,0x00000000a7300000)
 Metaspace       used 75304K, committed 76864K, reserved 1179648K
  class space    used 7756K, committed 8448K, reserved 1048576K
}
Event: 420.787 GC heap after
{Heap after GC invocations=2160 (full 4):
 PSYoungGen      total 2048K, used 800K [0x00000000d5580000, 0x00000000d5880000, 0x0000000100000000)
  eden space 1024K, 0% used [0x00000000d5580000,0x00000000d5580000,0x00000000d5680000)
  from space 1024K, 78% used [0x00000000d5780000,0x00000000d5848000,0x00000000d5880000)
  to   space 1024K, 0% used [0x00000000d5680000,0x00000000d5680000,0x00000000d5780000)
 ParOldGen       total 643072K, used 642681K [0x0000000080000000, 0x00000000a7400000, 0x00000000d5580000)
  object space 643072K, 99% used [0x0000000080000000,0x00000000a739e410,0x00000000a7400000)
 Metaspace       used 75304K, committed 76864K, reserved 1179648K
  class space    used 7756K, committed 8448K, reserved 1048576K
}
Event: 535.018 GC heap before
{Heap before GC invocations=2161 (full 4):
 PSYoungGen      total 2048K, used 1824K [0x00000000d5580000, 0x00000000d5880000, 0x0000000100000000)
  eden space 1024K, 100% used [0x00000000d5580000,0x00000000d5680000,0x00000000d5680000)
  from space 1024K, 78% used [0x00000000d5780000,0x00000000d5848000,0x00000000d5880000)
  to   space 1024K, 0% used [0x00000000d5680000,0x00000000d5680000,0x00000000d5780000)
 ParOldGen       total 643072K, used 642681K [0x0000000080000000, 0x00000000a7400000, 0x00000000d5580000)
  object space 643072K, 99% used [0x0000000080000000,0x00000000a739e410,0x00000000a7400000)
 Metaspace       used 75322K, committed 76864K, reserved 1179648K
  class space    used 7758K, committed 8448K, reserved 1048576K
}
Event: 535.027 GC heap after
{Heap after GC invocations=2161 (full 4):
 PSYoungGen      total 2048K, used 96K [0x00000000d5580000, 0x00000000d5800000, 0x0000000100000000)
  eden space 1024K, 0% used [0x00000000d5580000,0x00000000d5580000,0x00000000d5680000)
  from space 1024K, 9% used [0x00000000d5680000,0x00000000d5698000,0x00000000d5780000)
  to   space 512K, 0% used [0x00000000d5780000,0x00000000d5780000,0x00000000d5800000)
 ParOldGen       total 643584K, used 643398K [0x0000000080000000, 0x00000000a7480000, 0x00000000d5580000)
  object space 643584K, 99% used [0x0000000080000000,0x00000000a7451b90,0x00000000a7480000)
 Metaspace       used 75322K, committed 76864K, reserved 1179648K
  class space    used 7758K, committed 8448K, reserved 1048576K
}

Dll operation events (14 events):
Event: 0.023 Loaded shared library c:\Users\Lenovo\.vscode\extensions\redhat.java-1.51.0-win32-x64\jre\21.0.9-win32-x86_64\bin\java.dll
Event: 0.209 Loaded shared library c:\Users\Lenovo\.vscode\extensions\redhat.java-1.51.0-win32-x64\jre\21.0.9-win32-x86_64\bin\zip.dll
Event: 0.357 Loaded shared library C:\Users\Lenovo\.vscode\extensions\redhat.java-1.51.0-win32-x64\jre\21.0.9-win32-x86_64\bin\instrument.dll
Event: 0.369 Loaded shared library C:\Users\Lenovo\.vscode\extensions\redhat.java-1.51.0-win32-x64\jre\21.0.9-win32-x86_64\bin\net.dll
Event: 0.374 Loaded shared library C:\Users\Lenovo\.vscode\extensions\redhat.java-1.51.0-win32-x64\jre\21.0.9-win32-x86_64\bin\nio.dll
Event: 0.383 Loaded shared library C:\Users\Lenovo\.vscode\extensions\redhat.java-1.51.0-win32-x64\jre\21.0.9-win32-x86_64\bin\zip.dll
Event: 0.446 Loaded shared library C:\Users\Lenovo\.vscode\extensions\redhat.java-1.51.0-win32-x64\jre\21.0.9-win32-x86_64\bin\jimage.dll
Event: 0.930 Loaded shared library c:\Users\Lenovo\.vscode\extensions\redhat.java-1.51.0-win32-x64\jre\21.0.9-win32-x86_64\bin\verify.dll
Event: 46.347 Loaded shared library C:\Users\Lenovo\AppData\Roaming\Code\User\globalStorage\redhat.java\1.51.0\config_win\org.eclipse.equinox.launcher\org.eclipse.equinox.launcher.win32.win32.x86_64_1.2.1400.v20250801-0854\eclipse_11916.dll
Event: 99.094 Loaded shared library C:\Users\Lenovo\.vscode\extensions\redhat.java-1.51.0-win32-x64\jre\21.0.9-win32-x86_64\bin\management.dll
Event: 99.101 Loaded shared library C:\Users\Lenovo\.vscode\extensions\redhat.java-1.51.0-win32-x64\jre\21.0.9-win32-x86_64\bin\management_ext.dll
Event: 105.630 Loaded shared library C:\Users\Lenovo\AppData\Local\Temp\jna--2022488749\jna10648939813912928642.dll
Event: 110.792 Loaded shared library C:\Users\Lenovo\.vscode\extensions\redhat.java-1.51.0-win32-x64\jre\21.0.9-win32-x86_64\bin\sunmscapi.dll
Event: 111.859 Loaded shared library C:\Users\Lenovo\.vscode\extensions\redhat.java-1.51.0-win32-x64\jre\21.0.9-win32-x86_64\bin\extnet.dll

Deoptimization events (20 events):
Event: 420.794 Thread 0x000002575878b9b0 Uncommon trap: trap_request=0xffffff45 fr.pc=0x000002570b626a98 relative=0x00000000000002b8
Event: 420.794 Thread 0x000002575878b9b0 Uncommon trap: reason=unstable_if action=reinterpret pc=0x000002570b626a98 method=java.net.URI.equal(Ljava/lang/String;Ljava/lang/String;)Z @ 10 c2
Event: 420.794 Thread 0x000002575878b9b0 DEOPT PACKING pc=0x000002570b626a98 sp=0x000000ea07dff120
Event: 420.794 Thread 0x000002575878b9b0 DEOPT UNPACKING pc=0x000002570a6c3aa2 sp=0x000000ea07dff0b0 mode 2
Event: 535.005 Thread 0x0000025758ab7130 Uncommon trap: trap_request=0x00000024 fr.pc=0x000002570b507aa8 relative=0x00000000000033e8
Event: 535.006 Thread 0x0000025758ab7130 Uncommon trap: reason=unloaded action=reinterpret pc=0x000002570b507aa8 method=org.eclipse.m2e.core.internal.project.registry.ProjectRegistryReader$2.replaceObject(Ljava/lang/Object;)Ljava/lang/Object; @ 12 c2
Event: 535.006 Thread 0x0000025758ab7130 DEOPT PACKING pc=0x000002570b507aa8 sp=0x000000ea075fe5d0
Event: 535.006 Thread 0x0000025758ab7130 DEOPT UNPACKING pc=0x000002570a6c3aa2 sp=0x000000ea075fe550 mode 2
Event: 535.015 Thread 0x0000025758ab7130 Uncommon trap: trap_request=0xffffffc6 fr.pc=0x000002570b9ccb80 relative=0x0000000000001e20
Event: 535.015 Thread 0x0000025758ab7130 Uncommon trap: reason=bimorphic_or_optimized_type_check action=maybe_recompile pc=0x000002570b9ccb80 method=org.eclipse.core.internal.dtree.AbstractDataTreeNode.assembleWith([Lorg/eclipse/core/internal/dtree/AbstractDataTreeNode;[Lorg/eclipse/core/interna
Event: 535.015 Thread 0x0000025758ab7130 DEOPT PACKING pc=0x000002570b9ccb80 sp=0x000000ea075fea70
Event: 535.016 Thread 0x0000025758ab7130 DEOPT UNPACKING pc=0x000002570a6c3aa2 sp=0x000000ea075fea40 mode 2
Event: 535.016 Thread 0x0000025758ab7130 Uncommon trap: trap_request=0xffffffc6 fr.pc=0x000002570b9ccb80 relative=0x0000000000001e20
Event: 535.016 Thread 0x0000025758ab7130 Uncommon trap: reason=bimorphic_or_optimized_type_check action=maybe_recompile pc=0x000002570b9ccb80 method=org.eclipse.core.internal.dtree.AbstractDataTreeNode.assembleWith([Lorg/eclipse/core/internal/dtree/AbstractDataTreeNode;[Lorg/eclipse/core/interna
Event: 535.016 Thread 0x0000025758ab7130 DEOPT PACKING pc=0x000002570b9ccb80 sp=0x000000ea075feb40
Event: 535.016 Thread 0x0000025758ab7130 DEOPT UNPACKING pc=0x000002570a6c3aa2 sp=0x000000ea075feb10 mode 2
Event: 535.016 Thread 0x0000025758ab7130 Uncommon trap: trap_request=0xffffffc6 fr.pc=0x000002570b9ccb80 relative=0x0000000000001e20
Event: 535.016 Thread 0x0000025758ab7130 Uncommon trap: reason=bimorphic_or_optimized_type_check action=maybe_recompile pc=0x000002570b9ccb80 method=org.eclipse.core.internal.dtree.AbstractDataTreeNode.assembleWith([Lorg/eclipse/core/internal/dtree/AbstractDataTreeNode;[Lorg/eclipse/core/interna
Event: 535.016 Thread 0x0000025758ab7130 DEOPT PACKING pc=0x000002570b9ccb80 sp=0x000000ea075fec10
Event: 535.016 Thread 0x0000025758ab7130 DEOPT UNPACKING pc=0x000002570a6c3aa2 sp=0x000000ea075febe0 mode 2

Classes loaded (20 events):
Event: 255.412 Loading class java/util/concurrent/ArrayBlockingQueue
Event: 255.624 Loading class java/util/concurrent/ArrayBlockingQueue done
Event: 258.890 Loading class java/util/Hashtable$ValueCollection
Event: 259.218 Loading class java/util/Hashtable$ValueCollection done
Event: 259.253 Loading class java/util/concurrent/ConcurrentHashMap$KeySpliterator
Event: 259.254 Loading class java/util/concurrent/ConcurrentHashMap$KeySpliterator done
Event: 273.302 Loading class jdk/internal/module/IllegalAccessLogger
Event: 273.302 Loading class jdk/internal/module/IllegalAccessLogger done
Event: 275.767 Loading class java/io/CharArrayWriter
Event: 275.768 Loading class java/io/CharArrayWriter done
Event: 275.831 Loading class java/nio/file/attribute/PosixFileAttributes
Event: 275.831 Loading class java/nio/file/attribute/PosixFileAttributes done
Event: 276.875 Loading class java/util/concurrent/CompletableFuture$UniApply
Event: 276.875 Loading class java/util/concurrent/CompletableFuture$UniCompletion
Event: 276.875 Loading class java/util/concurrent/CompletableFuture$UniCompletion done
Event: 276.875 Loading class java/util/concurrent/CompletableFuture$UniApply done
Event: 276.876 Loading class java/util/concurrent/CompletableFuture$UniAccept
Event: 276.877 Loading class java/util/concurrent/CompletableFuture$UniAccept done
Event: 276.877 Loading class java/util/concurrent/CompletableFuture$UniExceptionally
Event: 276.877 Loading class java/util/concurrent/CompletableFuture$UniExceptionally done

Classes unloaded (10 events):
Event: 102.399 Thread 0x000002571624f080 Unloading class 0x00000257181a4000 'java/lang/invoke/LambdaForm$MH+0x00000257181a4000'
Event: 102.399 Thread 0x000002571624f080 Unloading class 0x00000257181a3c00 'java/lang/invoke/LambdaForm$MH+0x00000257181a3c00'
Event: 102.399 Thread 0x000002571624f080 Unloading class 0x00000257181a3800 'java/lang/invoke/LambdaForm$MH+0x00000257181a3800'
Event: 102.399 Thread 0x000002571624f080 Unloading class 0x00000257181a3400 'java/lang/invoke/LambdaForm$MH+0x00000257181a3400'
Event: 102.399 Thread 0x000002571624f080 Unloading class 0x00000257181a3000 'java/lang/invoke/LambdaForm$BMH+0x00000257181a3000'
Event: 102.399 Thread 0x000002571624f080 Unloading class 0x00000257181a2c00 'java/lang/invoke/LambdaForm$DMH+0x00000257181a2c00'
Event: 102.399 Thread 0x000002571624f080 Unloading class 0x00000257181a1800 'java/lang/invoke/LambdaForm$DMH+0x00000257181a1800'
Event: 107.345 Thread 0x000002571624f080 Unloading class 0x000002571829a000 'java/lang/invoke/LambdaForm$MH+0x000002571829a000'
Event: 107.345 Thread 0x000002571624f080 Unloading class 0x0000025718298c00 'java/lang/invoke/LambdaForm$MH+0x0000025718298c00'
Event: 107.345 Thread 0x000002571624f080 Unloading class 0x0000025718298400 'java/lang/invoke/LambdaForm$DMH+0x0000025718298400'

Classes redefined (0 events):
No events

Internal exceptions (20 events):
Event: 358.119 Thread 0x0000025758ab5d80 Exception <a 'sun/nio/fs/WindowsException'{0x00000000d5586b50}> (0x00000000d5586b50) 
thrown [s\src\hotspot\share\prims\jni.cpp, line 520]
Event: 358.478 Thread 0x0000025758ab5d80 Exception <a 'sun/nio/fs/WindowsException'{0x00000000d55ac2a0}> (0x00000000d55ac2a0) 
thrown [s\src\hotspot\share\prims\jni.cpp, line 520]
Event: 358.671 Thread 0x0000025758ab5d80 Exception <a 'sun/nio/fs/WindowsException'{0x00000000d5777b60}> (0x00000000d5777b60) 
thrown [s\src\hotspot\share\prims\jni.cpp, line 520]
Event: 358.811 Thread 0x0000025758ab5d80 Exception <a 'sun/nio/fs/WindowsException'{0x00000000d56d15a0}> (0x00000000d56d15a0) 
thrown [s\src\hotspot\share\prims\jni.cpp, line 520]
Event: 359.148 Thread 0x0000025758ab5d80 Exception <a 'sun/nio/fs/WindowsException'{0x00000000d56ac948}> (0x00000000d56ac948) 
thrown [s\src\hotspot\share\prims\jni.cpp, line 520]
Event: 361.042 Thread 0x0000025758ab5d80 Exception <a 'sun/nio/fs/WindowsException'{0x00000000d55b3338}> (0x00000000d55b3338) 
thrown [s\src\hotspot\share\prims\jni.cpp, line 520]
Event: 361.417 Thread 0x0000025758ab5d80 Exception <a 'sun/nio/fs/WindowsException'{0x00000000d5627410}> (0x00000000d5627410) 
thrown [s\src\hotspot\share\prims\jni.cpp, line 520]
Event: 362.127 Thread 0x0000025758ab5d80 Exception <a 'sun/nio/fs/WindowsException'{0x00000000d57fe078}> (0x00000000d57fe078) 
thrown [s\src\hotspot\share\prims\jni.cpp, line 520]
Event: 363.241 Thread 0x0000025758ab5d80 Exception <a 'sun/nio/fs/WindowsException'{0x00000000d56ea828}> (0x00000000d56ea828) 
thrown [s\src\hotspot\share\prims\jni.cpp, line 520]
Event: 363.862 Thread 0x0000025758ab5d80 Exception <a 'sun/nio/fs/WindowsException'{0x00000000d576d258}> (0x00000000d576d258) 
thrown [s\src\hotspot\share\prims\jni.cpp, line 520]
Event: 363.960 Thread 0x0000025758ab5d80 Exception <a 'sun/nio/fs/WindowsException'{0x00000000d5652b80}> (0x00000000d5652b80) 
thrown [s\src\hotspot\share\prims\jni.cpp, line 520]
Event: 364.434 Thread 0x0000025758ab5d80 Exception <a 'sun/nio/fs/WindowsException'{0x00000000d5613940}> (0x00000000d5613940) 
thrown [s\src\hotspot\share\prims\jni.cpp, line 520]
Event: 365.427 Thread 0x0000025758ab5d80 Exception <a 'sun/nio/fs/WindowsException'{0x00000000d55e3e50}> (0x00000000d55e3e50) 
thrown [s\src\hotspot\share\prims\jni.cpp, line 520]
Event: 370.106 Thread 0x0000025758ab5d80 Exception <a 'sun/nio/fs/WindowsException'{0x00000000d5646218}> (0x00000000d5646218) 
thrown [s\src\hotspot\share\prims\jni.cpp, line 520]
Event: 371.334 Thread 0x0000025758ab5d80 Exception <a 'sun/nio/fs/WindowsException'{0x00000000d5661418}> (0x00000000d5661418) 
thrown [s\src\hotspot\share\prims\jni.cpp, line 520]
Event: 373.928 Thread 0x0000025758ab5d80 Exception <a 'sun/nio/fs/WindowsException'{0x00000000d5780bc8}> (0x00000000d5780bc8) 
thrown [s\src\hotspot\share\prims\jni.cpp, line 520]
Event: 374.091 Thread 0x0000025758ab5d80 Exception <a 'sun/nio/fs/WindowsException'{0x00000000d5689100}> (0x00000000d5689100) 
thrown [s\src\hotspot\share\prims\jni.cpp, line 520]
Event: 377.078 Thread 0x0000025758ab84e0 Exception <a 'java/lang/NoSuchMethodError'{0x00000000d5628ce8}: 'java.lang.Object java.lang.invoke.DirectMethodHandle$Holder.invokeStaticInit(java.lang.Object, java.lang.Object, java.lang.Object)'> (0x00000000d5628ce8) 
thrown [s\src\hotspot\share\interpreter\linkResolver.cpp, line 773]
Event: 534.987 Thread 0x0000025758ab7130 Exception <a 'sun/nio/fs/WindowsException'{0x00000000d5647620}> (0x00000000d5647620) 
thrown [s\src\hotspot\share\prims\jni.cpp, line 520]
Event: 534.987 Thread 0x0000025758ab7130 Exception <a 'sun/nio/fs/WindowsException'{0x00000000d56481a8}> (0x00000000d56481a8) 
thrown [s\src\hotspot\share\prims\jni.cpp, line 520]

ZGC Phase Switch (0 events):
No events

VM Operations (20 events):
Event: 377.840 Executing VM operation: ParallelGCFailedAllocation (Allocation Failure)
Event: 377.846 Executing VM operation: ParallelGCFailedAllocation (Allocation Failure) done
Event: 379.847 Executing VM operation: Cleanup
Event: 379.847 Executing VM operation: Cleanup done
Event: 399.911 Executing VM operation: Cleanup
Event: 399.911 Executing VM operation: Cleanup done
Event: 420.782 Executing VM operation: ParallelGCFailedAllocation (Allocation Failure)
Event: 420.787 Executing VM operation: ParallelGCFailedAllocation (Allocation Failure) done
Event: 421.263 Executing VM operation: HandshakeAllThreads (HandshakeForDeflation)
Event: 421.264 Executing VM operation: HandshakeAllThreads (HandshakeForDeflation) done
Event: 421.264 Executing VM operation: RendezvousGCThreads
Event: 421.264 Executing VM operation: RendezvousGCThreads done
Event: 535.017 Executing VM operation: ParallelGCFailedAllocation (Allocation Failure)
Event: 535.027 Executing VM operation: ParallelGCFailedAllocation (Allocation Failure) done
Event: 535.136 Executing VM operation: HandshakeAllThreads (Deoptimize)
Event: 535.136 Executing VM operation: HandshakeAllThreads (Deoptimize) done
Event: 536.137 Executing VM operation: Cleanup
Event: 536.137 Executing VM operation: Cleanup done
Event: 573.470 Executing VM operation: Cleanup
Event: 573.470 Executing VM operation: Cleanup done

Memory protections (0 events):
No events

Nmethod flushes (20 events):
Event: 287.313 Thread 0x000002571624f080 flushing  nmethod 0x000002570468b990
Event: 287.313 Thread 0x000002571624f080 flushing  nmethod 0x000002570468cb10
Event: 287.313 Thread 0x000002571624f080 flushing  nmethod 0x00000257046bf710
Event: 287.313 Thread 0x000002571624f080 flushing  nmethod 0x00000257046c4890
Event: 287.313 Thread 0x000002571624f080 flushing  nmethod 0x00000257046ceb90
Event: 287.313 Thread 0x000002571624f080 flushing  nmethod 0x00000257046d2d10
Event: 287.313 Thread 0x000002571624f080 flushing  nmethod 0x00000257046dab10
Event: 287.313 Thread 0x000002571624f080 flushing  nmethod 0x00000257046df810
Event: 287.313 Thread 0x000002571624f080 flushing  nmethod 0x0000025704700f10
Event: 287.313 Thread 0x000002571624f080 flushing osr nmethod 0x0000025704711810
Event: 287.313 Thread 0x000002571624f080 flushing  nmethod 0x000002570471bb10
Event: 287.313 Thread 0x000002571624f080 flushing  nmethod 0x0000025704735d10
Event: 287.313 Thread 0x000002571624f080 flushing  nmethod 0x0000025704736590
Event: 287.313 Thread 0x000002571624f080 flushing osr nmethod 0x0000025704747010
Event: 287.313 Thread 0x000002571624f080 flushing  nmethod 0x000002570477e410
Event: 287.313 Thread 0x000002571624f080 flushing  nmethod 0x000002570477ec90
Event: 287.313 Thread 0x000002571624f080 flushing  nmethod 0x000002570477f710
Event: 287.313 Thread 0x000002571624f080 flushing  nmethod 0x000002570477ff10
Event: 287.313 Thread 0x000002571624f080 flushing  nmethod 0x0000025704780590
Event: 287.313 Thread 0x000002571624f080 flushing  nmethod 0x0000025704781810

Events (20 events):
Event: 377.075 Thread 0x0000025758ab6aa0 Thread added: 0x000002576dbc1a50
Event: 377.199 Thread 0x00000257162a2e80 Thread added: 0x000002576008b360
Event: 382.978 Thread 0x000002576008b360 Thread exited: 0x000002576008b360
Event: 417.644 Thread 0x0000025758787810 Thread exited: 0x0000025758787810
Event: 437.994 Thread 0x0000025758ab84e0 Thread exited: 0x0000025758ab84e0
Event: 459.365 Thread 0x0000025758ab6aa0 Thread exited: 0x0000025758ab6aa0
Event: 459.366 Thread 0x0000025758ab5060 Thread exited: 0x0000025758ab5060
Event: 459.366 Thread 0x000002575878b320 Thread exited: 0x000002575878b320
Event: 459.404 Thread 0x0000025758ab77c0 Thread exited: 0x0000025758ab77c0
Event: 477.652 Thread 0x000002575878ac90 Thread exited: 0x000002575878ac90
Event: 498.002 Thread 0x000002576dbc0010 Thread exited: 0x000002576dbc0010
Event: 534.891 Thread 0x0000025758ab7130 Thread added: 0x000002576dbc6910
Event: 534.892 Thread 0x000002576dbc6910 Thread exited: 0x000002576dbc6910
Event: 534.989 Thread 0x0000025758ab7130 Thread added: 0x000002576dbbf980
Event: 534.991 Thread 0x000002576dbbf980 Thread exited: 0x000002576dbbf980
Event: 549.921 Thread 0x0000025758789250 Thread exited: 0x0000025758789250
Event: 558.005 Thread 0x000002576dbc1a50 Thread exited: 0x000002576dbc1a50
Event: 572.427 Thread 0x000002576dbc20e0 Thread exited: 0x000002576dbc20e0
Event: 573.035 Thread 0x0000025758787ea0 Thread exited: 0x0000025758787ea0
Event: 573.476 Thread 0x000002576dbc3490 Thread exited: 0x000002576dbc3490


Dynamic libraries:
0x00007ff66b460000 - 0x00007ff66b46e000 	c:\Users\Lenovo\.vscode\extensions\redhat.java-1.51.0-win32-x64\jre\21.0.9-win32-x86_64\bin\java.exe
0x00007ffbf3e10000 - 0x00007ffbf4008000 	C:\Windows\SYSTEM32\ntdll.dll
0x00007ffbf20f0000 - 0x00007ffbf21b2000 	C:\Windows\System32\KERNEL32.DLL
0x00007ffbf1b30000 - 0x00007ffbf1e26000 	C:\Windows\System32\KERNELBASE.dll
0x00007ffbf1820000 - 0x00007ffbf1920000 	C:\Windows\System32\ucrtbase.dll
0x00007ffbe97a0000 - 0x00007ffbe97b8000 	c:\Users\Lenovo\.vscode\extensions\redhat.java-1.51.0-win32-x64\jre\21.0.9-win32-x86_64\bin\jli.dll
0x00007ffbf2af0000 - 0x00007ffbf2c91000 	C:\Windows\System32\USER32.dll
0x00007ffbf17f0000 - 0x00007ffbf1812000 	C:\Windows\System32\win32u.dll
0x00007ffbf3630000 - 0x00007ffbf365b000 	C:\Windows\System32\GDI32.dll
0x00007ffbf1a10000 - 0x00007ffbf1b29000 	C:\Windows\System32\gdi32full.dll
0x00007ffbf1920000 - 0x00007ffbf19bd000 	C:\Windows\System32\msvcp_win.dll
0x00007ffbe83a0000 - 0x00007ffbe83be000 	c:\Users\Lenovo\.vscode\extensions\redhat.java-1.51.0-win32-x64\jre\21.0.9-win32-x86_64\bin\VCRUNTIME140.dll
0x00007ffbd48f0000 - 0x00007ffbd4b8b000 	C:\Windows\WinSxS\amd64_microsoft.windows.common-controls_6595b64144ccf1df_6.0.19041.6456_none_60b8a6cb71f64256\COMCTL32.dll
0x00007ffbf2950000 - 0x00007ffbf29ee000 	C:\Windows\System32\msvcrt.dll
0x00007ffbf2920000 - 0x00007ffbf294f000 	C:\Windows\System32\IMM32.DLL
0x00007ffbea9d0000 - 0x00007ffbea9dc000 	c:\Users\Lenovo\.vscode\extensions\redhat.java-1.51.0-win32-x64\jre\21.0.9-win32-x86_64\bin\vcruntime140_1.dll
0x00007ffbba9a0000 - 0x00007ffbbaa2d000 	c:\Users\Lenovo\.vscode\extensions\redhat.java-1.51.0-win32-x64\jre\21.0.9-win32-x86_64\bin\msvcp140.dll
0x00007ffb654c0000 - 0x00007ffb66260000 	c:\Users\Lenovo\.vscode\extensions\redhat.java-1.51.0-win32-x64\jre\21.0.9-win32-x86_64\bin\server\jvm.dll
0x00007ffbf2dd0000 - 0x00007ffbf2e81000 	C:\Windows\System32\ADVAPI32.dll
0x00007ffbf2880000 - 0x00007ffbf291f000 	C:\Windows\System32\sechost.dll
0x00007ffbf3820000 - 0x00007ffbf3940000 	C:\Windows\System32\RPCRT4.dll
0x00007ffbf14a0000 - 0x00007ffbf14c7000 	C:\Windows\System32\bcrypt.dll
0x00007ffbf29f0000 - 0x00007ffbf2a5b000 	C:\Windows\System32\WS2_32.dll
0x00007ffbf1300000 - 0x00007ffbf134b000 	C:\Windows\SYSTEM32\POWRPROF.dll
0x00007ffbceb80000 - 0x00007ffbceba7000 	C:\Windows\SYSTEM32\WINMM.dll
0x00007ffbe2330000 - 0x00007ffbe233a000 	C:\Windows\SYSTEM32\VERSION.dll
0x00007ffbf12e0000 - 0x00007ffbf12f2000 	C:\Windows\SYSTEM32\UMPDC.dll
0x00007ffbef4f0000 - 0x00007ffbef502000 	C:\Windows\SYSTEM32\kernel.appcore.dll
0x00007ffbe8390000 - 0x00007ffbe839a000 	c:\Users\Lenovo\.vscode\extensions\redhat.java-1.51.0-win32-x64\jre\21.0.9-win32-x86_64\bin\jimage.dll
0x00007ffbdf140000 - 0x00007ffbdf341000 	C:\Windows\SYSTEM32\DBGHELP.DLL
0x00007ffbde740000 - 0x00007ffbde774000 	C:\Windows\SYSTEM32\dbgcore.DLL
0x00007ffbf1580000 - 0x00007ffbf1602000 	C:\Windows\System32\bcryptPrimitives.dll
0x00007ffbe1e90000 - 0x00007ffbe1e9f000 	c:\Users\Lenovo\.vscode\extensions\redhat.java-1.51.0-win32-x64\jre\21.0.9-win32-x86_64\bin\instrument.dll
0x00007ffbdf680000 - 0x00007ffbdf6a0000 	c:\Users\Lenovo\.vscode\extensions\redhat.java-1.51.0-win32-x64\jre\21.0.9-win32-x86_64\bin\java.dll
0x00007ffbf2ea0000 - 0x00007ffbf3610000 	C:\Windows\System32\SHELL32.dll
0x00007ffbef510000 - 0x00007ffbefcb5000 	C:\Windows\SYSTEM32\windows.storage.dll
0x00007ffbf3940000 - 0x00007ffbf3c94000 	C:\Windows\System32\combase.dll
0x00007ffbf0df0000 - 0x00007ffbf0e1b000 	C:\Windows\SYSTEM32\Wldp.dll
0x00007ffbf3ca0000 - 0x00007ffbf3d6d000 	C:\Windows\System32\OLEAUT32.dll
0x00007ffbf2ca0000 - 0x00007ffbf2d4d000 	C:\Windows\System32\SHCORE.dll
0x00007ffbf2090000 - 0x00007ffbf20eb000 	C:\Windows\System32\shlwapi.dll
0x00007ffbf13d0000 - 0x00007ffbf13f4000 	C:\Windows\SYSTEM32\profapi.dll
0x00007ffbeaac0000 - 0x00007ffbeaad8000 	c:\Users\Lenovo\.vscode\extensions\redhat.java-1.51.0-win32-x64\jre\21.0.9-win32-x86_64\bin\zip.dll
0x00007ffbe1e40000 - 0x00007ffbe1e50000 	C:\Users\Lenovo\.vscode\extensions\redhat.java-1.51.0-win32-x64\jre\21.0.9-win32-x86_64\bin\net.dll
0x00007ffbebab0000 - 0x00007ffbebbba000 	C:\Windows\SYSTEM32\WINHTTP.dll
0x00007ffbf0b50000 - 0x00007ffbf0bba000 	C:\Windows\system32\mswsock.dll
0x00007ffbde100000 - 0x00007ffbde116000 	C:\Users\Lenovo\.vscode\extensions\redhat.java-1.51.0-win32-x64\jre\21.0.9-win32-x86_64\bin\nio.dll
0x00007ffbe0f20000 - 0x00007ffbe0f30000 	c:\Users\Lenovo\.vscode\extensions\redhat.java-1.51.0-win32-x64\jre\21.0.9-win32-x86_64\bin\verify.dll
0x00007ffbbf4e0000 - 0x00007ffbbf524000 	C:\Users\Lenovo\AppData\Roaming\Code\User\globalStorage\redhat.java\1.51.0\config_win\org.eclipse.equinox.launcher\org.eclipse.equinox.launcher.win32.win32.x86_64_1.2.1400.v20250801-0854\eclipse_11916.dll
0x00007ffbf1f60000 - 0x00007ffbf208b000 	C:\Windows\System32\ole32.dll
0x00007ffbed750000 - 0x00007ffbed75a000 	C:\Users\Lenovo\.vscode\extensions\redhat.java-1.51.0-win32-x64\jre\21.0.9-win32-x86_64\bin\management.dll
0x00007ffbea990000 - 0x00007ffbea99c000 	C:\Users\Lenovo\.vscode\extensions\redhat.java-1.51.0-win32-x64\jre\21.0.9-win32-x86_64\bin\management_ext.dll
0x00007ffbf3810000 - 0x00007ffbf3818000 	C:\Windows\System32\PSAPI.DLL
0x00007ffbf0d50000 - 0x00007ffbf0d68000 	C:\Windows\SYSTEM32\CRYPTSP.dll
0x00007ffbf0470000 - 0x00007ffbf04a8000 	C:\Windows\system32\rsaenh.dll
0x00007ffbf1390000 - 0x00007ffbf13be000 	C:\Windows\SYSTEM32\USERENV.dll
0x00007ffbf0d40000 - 0x00007ffbf0d4c000 	C:\Windows\SYSTEM32\CRYPTBASE.dll
0x00007ffbf0830000 - 0x00007ffbf086b000 	C:\Windows\SYSTEM32\IPHLPAPI.DLL
0x00007ffbf1f50000 - 0x00007ffbf1f58000 	C:\Windows\System32\NSI.dll
0x00007ffbbaca0000 - 0x00007ffbbace9000 	C:\Users\Lenovo\AppData\Local\Temp\jna--2022488749\jna10648939813912928642.dll
0x00007ffbe8440000 - 0x00007ffbe8457000 	C:\Windows\SYSTEM32\dhcpcsvc6.DLL
0x00007ffbe8fa0000 - 0x00007ffbe8fbd000 	C:\Windows\SYSTEM32\dhcpcsvc.DLL
0x00007ffbed770000 - 0x00007ffbed77e000 	C:\Users\Lenovo\.vscode\extensions\redhat.java-1.51.0-win32-x64\jre\21.0.9-win32-x86_64\bin\sunmscapi.dll
0x00007ffbf1690000 - 0x00007ffbf17ed000 	C:\Windows\System32\CRYPT32.dll
0x00007ffbf0e60000 - 0x00007ffbf0e87000 	C:\Windows\SYSTEM32\ncrypt.dll
0x00007ffbf0e20000 - 0x00007ffbf0e5b000 	C:\Windows\SYSTEM32\NTASN1.dll
0x00007ffbf0870000 - 0x00007ffbf093a000 	C:\Windows\SYSTEM32\DNSAPI.dll
0x00007ffbe7f90000 - 0x00007ffbe7f9a000 	C:\Windows\System32\rasadhlp.dll
0x00007ffbe4050000 - 0x00007ffbe40d0000 	C:\Windows\System32\fwpuclnt.dll
0x00007ffbea980000 - 0x00007ffbea989000 	C:\Users\Lenovo\.vscode\extensions\redhat.java-1.51.0-win32-x64\jre\21.0.9-win32-x86_64\bin\extnet.dll

JVMTI agents:
c:\Users\Lenovo\.vscode\extensions\redhat.java-1.51.0-win32-x64\lombok\lombok-1.18.39-4050.jar path:c:\Users\Lenovo\.vscode\extensions\redhat.java-1.51.0-win32-x64\jre\21.0.9-win32-x86_64\bin\instrument.dll, loaded, initialized, instrumentlib options:none

dbghelp: loaded successfully - version: 4.0.5 - missing functions: none
symbol engine: initialized successfully - sym options: 0x614 - pdb path: .;c:\Users\Lenovo\.vscode\extensions\redhat.java-1.51.0-win32-x64\jre\21.0.9-win32-x86_64\bin;C:\Windows\SYSTEM32;C:\Windows\WinSxS\amd64_microsoft.windows.common-controls_6595b64144ccf1df_6.0.19041.6456_none_60b8a6cb71f64256;c:\Users\Lenovo\.vscode\extensions\redhat.java-1.51.0-win32-x64\jre\21.0.9-win32-x86_64\bin\server;C:\Users\Lenovo\AppData\Roaming\Code\User\globalStorage\redhat.java\1.51.0\config_win\org.eclipse.equinox.launcher\org.eclipse.equinox.launcher.win32.win32.x86_64_1.2.1400.v20250801-0854;C:\Users\Lenovo\AppData\Local\Temp\jna--2022488749

VM Arguments:
jvm_args: --add-modules=ALL-SYSTEM --add-opens=java.base/java.util=ALL-UNNAMED --add-opens=java.base/java.lang=ALL-UNNAMED --add-opens=java.base/sun.nio.fs=ALL-UNNAMED -Declipse.application=org.eclipse.jdt.ls.core.id1 -Dosgi.bundles.defaultStartLevel=4 -Declipse.product=org.eclipse.jdt.ls.core.product -Djava.import.generatesMetadataFilesAtProjectRoot=false -DDetectVMInstallationsJob.disabled=true -Dfile.encoding=utf8 -XX:+UseParallelGC -XX:GCTimeRatio=4 -XX:AdaptiveSizePolicyWeight=90 -Dsun.zip.disableMemoryMapping=true -Xmx2G -Xms100m -Xlog:disable -javaagent:c:\Users\Lenovo\.vscode\extensions\redhat.java-1.51.0-win32-x64\lombok\lombok-1.18.39-4050.jar -XX:+HeapDumpOnOutOfMemoryError -XX:HeapDumpPath=c:\Users\Lenovo\AppData\Roaming\Code\User\workspaceStorage\6c04b826748c209f1ee067198f3c029b\redhat.java -Daether.dependencyCollector.impl=bf 
java_command: c:\Users\Lenovo\.vscode\extensions\redhat.java-1.51.0-win32-x64\server\plugins\org.eclipse.equinox.launcher_1.7.100.v20251111-0406.jar -configuration c:\Users\Lenovo\AppData\Roaming\Code\User\globalStorage\redhat.java\1.51.0\config_win -data c:\Users\Lenovo\AppData\Roaming\Code\User\workspaceStorage\6c04b826748c209f1ee067198f3c029b\redhat.java\jdt_ws --pipe=\\.\pipe\lsp-d9ea13a5db209b2fd83287e1c5ee1213-sock
java_class_path (initial): c:\Users\Lenovo\.vscode\extensions\redhat.java-1.51.0-win32-x64\server\plugins\org.eclipse.equinox.launcher_1.7.100.v20251111-0406.jar
Launcher Type: SUN_STANDARD

[Global flags]
    uintx AdaptiveSizePolicyWeight                 = 90                                        {product} {command line}
     intx CICompilerCount                          = 3                                         {product} {ergonomic}
    uintx GCTimeRatio                              = 4                                         {product} {command line}
     bool HeapDumpOnOutOfMemoryError               = true                                   {manageable} {command line}
    ccstr HeapDumpPath                             = c:\Users\Lenovo\AppData\Roaming\Code\User\workspaceStorage\6c04b826748c209f1ee067198f3c029b\redhat.java         {manageable} {command line}
   size_t InitialHeapSize                          = 104857600                                 {product} {command line}
   size_t MaxHeapSize                              = 2147483648                                {product} {command line}
   size_t MaxNewSize                               = 715653120                                 {product} {ergonomic}
   size_t MinHeapDeltaBytes                        = 524288                                    {product} {ergonomic}
   size_t MinHeapSize                              = 104857600                                 {product} {command line}
   size_t NewSize                                  = 34603008                                  {product} {ergonomic}
    uintx NonNMethodCodeHeapSize                   = 5832780                                {pd product} {ergonomic}
    uintx NonProfiledCodeHeapSize                  = 122912730                              {pd product} {ergonomic}
   size_t OldSize                                  = 70254592                                  {product} {ergonomic}
    uintx ProfiledCodeHeapSize                     = 122912730                              {pd product} {ergonomic}
    uintx ReservedCodeCacheSize                    = 251658240                              {pd product} {ergonomic}
     bool SegmentedCodeCache                       = true                                      {product} {ergonomic}
   size_t SoftMaxHeapSize                          = 2147483648                             {manageable} {ergonomic}
     bool UseCompressedOops                        = true                           {product lp64_product} {ergonomic}
     bool UseLargePagesIndividualAllocation        = false                                  {pd product} {ergonomic}
     bool UseParallelGC                            = true                                      {product} {command line}

Logging:
Log output configuration:
 #0: stdout all=off uptime,level,tags foldmultilines=false
 #1: stderr all=off uptime,level,tags foldmultilines=false

Release file:
JAVA_VERSION="21.0.9" 
MODULES="java.base java.compiler java.datatransfer java.xml java.prefs java.desktop java.instrument java.logging java.management java.security.sasl java.naming java.rmi java.management.rmi java.net.http java.scripting java.security.jgss java.transaction.xa java.sql java.sql.rowset java.xml.crypto java.se java.smartcardio jdk.accessibility jdk.internal.jvmstat jdk.attach jdk.charsets jdk.internal.opt jdk.zipfs jdk.compiler jdk.crypto.ec jdk.crypto.cryptoki jdk.crypto.mscapi jdk.dynalink jdk.internal.ed jdk.editpad jdk.hotspot.agent jdk.httpserver jdk.internal.le jdk.internal.vm.ci jdk.internal.vm.compiler jdk.internal.vm.compiler.management jdk.jartool jdk.javadoc jdk.jcmd jdk.management jdk.management.agent jdk.jconsole jdk.jdeps jdk.jdwp.agent jdk.jdi jdk.jfr jdk.jshell jdk.jsobject jdk.jstatd jdk.localedata jdk.management.jfr jdk.naming.dns jdk.naming.rmi jdk.net jdk.nio.mapmode jdk.random jdk.sctp jdk.security.auth jdk.security.jgss jdk.unsupported jdk.unsupported.desktop jdk.xml.dom" 

Environment Variables:
JAVA_HOME=C:\Program Files\Java\jdk-17
PATH=C:\Program Files\Java\jdk-17\bin;C:\19c\WINDOWS.X64_193000_db_home\bin;C:\Program Files\Java\jdk-1.8\bin;C:\Windows\system32;C:\Windows;C:\Windows\System32\Wbem;C:\Windows\System32\WindowsPowerShell\v1.0\;C:\Windows\System32\OpenSSH\;C:\Users\Lenovo\Downloads\ngrok-v3-stable-windows-amd64;C:\Program Files\Microsoft VS Code\bin;C:\Program Files\nodejs\;C:\Program Files\Git\cmd;C:\Users\Lenovo\AppData\Local\Programs\Python\Python310\Scripts\;C:\Users\Lenovo\AppData\Local\Programs\Python\Python310\;C:\Users\Lenovo\AppData\Local\Microsoft\WindowsApps;C:\Program Files (x86)\Google\Cloud SDK\google-cloud-sdk\bin;C:\Users\Lenovo\AppData\Roaming\npm
USERNAME=Lenovo
OS=Windows_NT
PROCESSOR_IDENTIFIER=Intel64 Family 6 Model 78 Stepping 3, GenuineIntel
TMP=C:\Users\Lenovo\AppData\Local\Temp
TEMP=C:\Users\Lenovo\AppData\Local\Temp




Periodic native trim disabled

---------------  S Y S T E M  ---------------

OS:
 Windows 10 , 64 bit Build 19041 (10.0.19041.5915)
OS uptime: 9 days 1:47 hours

CPU: total 4 (initial active 4) (2 cores per cpu, 2 threads per core) family 6 model 78 stepping 3 microcode 0xd6, cx8, cmov, fxsr, ht, mmx, 3dnowpref, sse, sse2, sse3, ssse3, sse4.1, sse4.2, popcnt, lzcnt, tsc, tscinvbit, avx, avx2, aes, erms, clmul, bmi1, bmi2, rtm, adx, fma, vzeroupper, clflush, clflushopt, rdtscp, f16c
Processor Information for the first 4 processors :
  Max Mhz: 2496, Current Mhz: 798, Mhz Limit: 798

Memory: 4k page, system-wide physical 8045M (405M free)
TotalPageFile size 20465M (AvailPageFile size 5M)
current process WorkingSet (physical memory assigned to process): 447M, peak: 1011M
current process commit charge ("private bytes"): 964M, peak: 968M

vm_info: OpenJDK 64-Bit Server VM (21.0.9+10-LTS) for windows-amd64 JRE (21.0.9+10-LTS), built on 2025-10-21T00:00:00Z by "admin" with unknown MS VC++:1942

END.
